[{"address":"addr1q8zsjx7vxkl4esfejafhxthyew8c54c9ch95gkv3nz37sxrc9ty742qncmffaesxqarvqjmxmy36d9aht2duhmhvekgq3jd3w2","tx_hash":"619c90076e587b000856cc1a0830c45a51ec6ba9f8f8fb00dc9f4406b06ccf72","tx_index":1,"output_index":1,"amount":[{"unit":"lovelace","quantity":"1185250"},{"unit":"d436d9f6b754582f798fe33f4bed12133d47493f78b944b9cc55fd1853756d6d69744c6f64676534393539","quantity":"1"}],"block":"181f6b0368066e245e9510414d928f78a7ed73da33ffb2657103937275f8bb3d","data_hash":null,"inline_datum":null,"reference_script_hash":null}]