[
  {
    "tx_hash": "4750cad090a9e017ece7a66e68d0a65c06a2877a96abe6a5f0fa0a0bc7700aad",
    "block_height": 5182730
  },
  {
    "tx_hash": "b212f57ba9a2650849cd3bdbfe83dabfbcc16bb93b1197a183ef770481f61519",
    "block_height": 5182851,
    "tx_index": 6
  },
  {
    "tx_hash": "5aa4bdab61b49e5c4f60abf25c2978cb4efaa5e7cbcfa1991e887976c9f7c88d",
    "block_height": 5183033,
    "tx_index": 6
  },
  {
    "tx_hash": "15e7d1880769b0f173d62d7c7d8b0085afb7fb40b7c16e73ec405cce7fc372d8",
    "block_height": 5183209,
    "tx_index": 8
  },
  {
    "tx_hash": "418d3d02a89a3f86a17c38d9cdeec510d13bc9300e04af8b1b3506c994e3aa31",
    "block_height": 5183379,
    "tx_index": 3
  }
]
