[
  "f8c84734c7d1168f84ee95f8cad2557fd10dec207b522105fcea8f901beef144",
  "4333fbc5905796491b9e6e5d58e71fa7a3a9118a4f03910217b6c2e3b9c6731d",
  "590203d324d4409d72813cda83f672780923b3faabe3bf90dc9b60b6621f6af5",
  "6923521eba249c53c78df78364e1a1e61fc0344a08295e1e4506031f526ac732",
  "27bc7a69330e3c001d064e6baa8b63a012912026caff260cb45746b7957ca704"
]
