[
  "ef491c14d6041b750f09662ff6dcf0171e3ee1f5ce7b9966ce2470b4f732064e",
  "5e1f05712069545e6c7287fe5e8eb68efbaf8d40f188bd16969ef3f3c5f62a17",
  "a53d20a22dca7e9ae003901a26e0fdca1eac3d4b2bd5d3bf4427ca329c685304",
  "e98c83b3e05581d4590aced21cc4ff877ff0a11ae75c52b84ff755237277112a",
  "9c807b3320bac0f42015082247b9019b34d00b73380fdd101580cc8880f795fc"
]
