{
  "name": "ipfs_object.json",
  "ipfs_hash": "QmRFKhzSSRMRTnLf1gRdDbP9PgQxsoXD2QYEHZeBA6gLHn",
  "size": "131"
}
