{"time_created":0,"time_pinned":0,"ipfs_hash":"QmUBzUmJn1dzMQ5ooN8yVvK6TRuTdFnxdkxZi8bQDQ3tuS","state":"queued","size":""}