{"name":"","ipfs_hash":"QmUBzUmJn1dzMQ5ooN8yVvK6TRuTdFnxdkxZi8bQDQ3tuS","size":""}