{"time_created":1634301841660,"time_pinned":1635270021327,"ipfs_hash":"QmRFKhzSSRMRTnLf1gRdDbP9PgQxsoXD2QYEHZeBA6gLHn","state":"queued","size":"131"}