[
  {
    "asset": "3a9241cd79895e3a8d65261b40077d4437ce71e9d7c8c6c00e3f658e4669727374636f696e",
    "quantity": "1",
    "onchain_metadata": {},
    "metadata": {}
  }
]
