[
  {
    "tx_hash": "0b28244fade854bb15f0358de44872cfb2216744b95dc0855704dac34619f382",
    "action": "minted",
    "amount": "1"
  }
]
