{
  "supply": {
    "max": "45000000000000000",
    "total": "33161853118281413",
    "circulating": "32824819666412592",
    "locked": "772427215304"
  },
  "stake": {
    "live": "23340686083409699",
    "active": "23219858534473043"
  }
}
