[{"address":"addr1qxexa3gg4vkzkl20t28pcvwtp73lqtenrqvznvd9xfsgnf3n949u7c4f48efr29tcm4hntedgeclgjvn3a9wdgypv95q3cacjy","quantity":"1"}]