{
  "url": "https://blockfrost.io/",
  "version": "1.7.0"
}
