[
  {
    "tx_hash": "473a6f5ef23c8f9ea10e6d17372ee90031f44273fb2be6700673269bdd04eb19",
    "block_height": 4925385
  },
  {
    "tx_hash": "4117841140cb0c7ca5c2bd820a3e448806ec3588e99043230fac52a40509bccb",
    "block_height": 4925582,
    "tx_index": 2
  },
  {
    "tx_hash": "1abe80dc1f101ff3b76659d32b532d53b21d76c98cfce0c0c3c45957680c54ff",
    "block_height": 4925818,
    "tx_index": 1
  },
  {
    "tx_hash": "b8cc8d75ca200555ca4efdf79599a06300c2a28ffbaa82fd23f22c8f95967bf9",
    "block_height": 4925982,
    "tx_index": 1
  },
  {
    "tx_hash": "7e02484c70d5ed35cdf7ce2ae377cd07cacf9649815105241a4f0acaed57edc4",
    "block_height": 4926150
  }
]
