{"asset_mint_or_burn_count":0,"block":"356b7d7dbb696ccd12775c016941057a9dc70898d87a63fc752271bb46856940","block_height":4953973,"delegation_count":0,"deposit":"0","fees":"182485","hash":"6e5f825c82c1c6d6b77f2a14092f3b78c8f1b66db6f4cf8caec1555b6f967b3b","index":1,"invalid_before":"","invalid_hereafter":"13885913","mir_cert_count":0,"output_amount":[{"quantity":"2472470544","unit":"lovelace"}],"pool_retire_count":0,"pool_update_count":0,"size":433,"slot":13878800,"stake_cert_count":0,"utxo_count":4,"withdrawal_count":0}