{"type":"jsonwsp/response","version":"1.0","servicename":"ogmios","methodname":"EvaluateTx","result":{"EvaluationResult":{"spend:0":{"memory":1376449,"steps":385845365}}},"reflection":{"id":"dummy"}}